F:\GitHub\alpha\software\compose-tetris\app\src\main\java\com\jetgame\tetris\logic\GameViewModel.kt:26:17: The function reduce is too long (129). The maximum length is 60. [LongMethod]
F:\GitHub\alpha\software\compose-tetris\app\src\main\java\com\jetgame\tetris\logic\GameViewModel.kt:26:17: The function reduce appears to be too complex based on Cyclomatic Complexity (complexity: 35). Defined complexity threshold for methods is set to '15' [CyclomaticComplexMethod]
F:\GitHub\alpha\software\compose-tetris\app\src\main\java\com\jetgame\tetris\ui\AppIcon.kt:30:13: The function AppIcon is too long (80). The maximum length is 60. [LongMethod]
F:\GitHub\alpha\software\compose-tetris\app\src\main\java\com\jetgame\tetris\ui\GameBody.kt:37:5: The function GameBody is too long (170). The maximum length is 60. [LongMethod]
F:\GitHub\alpha\software\compose-tetris\app\src\main\java\com\jetgame\tetris\ui\GameButton.kt:39:5: The function GameButton is too long (73). The maximum length is 60. [LongMethod]
F:\GitHub\alpha\software\compose-tetris\app\src\main\java\com\jetgame\tetris\ui\GameScreen.kt:116:19: The function GameScoreboard(modifier: Modifier, brickSize: Float, spirit: Spirit, score: Int, line: Int, level: Int, isMute: Boolean, isPaused: Boolean) has too many parameters. The current threshold is set to 6. [LongParameterList]
F:\GitHub\alpha\software\compose-tetris\app\src\main\java\com\jetgame\tetris\logic\GameViewModel.kt:288:19: Top level constant names should match the pattern: [A-Z][_A-Z0-9]* [TopLevelPropertyNaming]
F:\GitHub\alpha\software\compose-tetris\app\src\main\java\com\jetgame\tetris\logic\GameViewModel.kt:289:19: Top level constant names should match the pattern: [A-Z][_A-Z0-9]* [TopLevelPropertyNaming]
F:\GitHub\alpha\software\compose-tetris\app\src\main\java\com\jetgame\tetris\logic\Utils.kt:42:11: Top level constant names should match the pattern: [A-Z][_A-Z0-9]* [TopLevelPropertyNaming]
F:\GitHub\alpha\software\compose-tetris\app\src\main\java\com\jetgame\tetris\logic\Utils.kt:19:5: Function names should match the pattern: [a-z][a-zA-Z0-9]* [FunctionNaming]
F:\GitHub\alpha\software\compose-tetris\app\src\main\java\com\jetgame\tetris\MainActivity.kt:104:5: Function names should match the pattern: [a-z][a-zA-Z0-9]* [FunctionNaming]
F:\GitHub\alpha\software\compose-tetris\app\src\main\java\com\jetgame\tetris\ui\AppIcon.kt:30:13: Function names should match the pattern: [a-z][a-zA-Z0-9]* [FunctionNaming]
F:\GitHub\alpha\software\compose-tetris\app\src\main\java\com\jetgame\tetris\ui\AppIcon.kt:128:13: Function names should match the pattern: [a-z][a-zA-Z0-9]* [FunctionNaming]
F:\GitHub\alpha\software\compose-tetris\app\src\main\java\com\jetgame\tetris\ui\GameBody.kt:37:5: Function names should match the pattern: [a-z][a-zA-Z0-9]* [FunctionNaming]
F:\GitHub\alpha\software\compose-tetris\app\src\main\java\com\jetgame\tetris\ui\GameBody.kt:306:5: Function names should match the pattern: [a-z][a-zA-Z0-9]* [FunctionNaming]
F:\GitHub\alpha\software\compose-tetris\app\src\main\java\com\jetgame\tetris\ui\GameBody.kt:110:13: Variable names should match the pattern: [a-z][A-Za-z0-9]* [VariableNaming]
F:\GitHub\alpha\software\compose-tetris\app\src\main\java\com\jetgame\tetris\ui\GameBody.kt:168:13: Variable names should match the pattern: [a-z][A-Za-z0-9]* [VariableNaming]
F:\GitHub\alpha\software\compose-tetris\app\src\main\java\com\jetgame\tetris\ui\GameButton.kt:39:5: Function names should match the pattern: [a-z][a-zA-Z0-9]* [FunctionNaming]
F:\GitHub\alpha\software\compose-tetris\app\src\main\java\com\jetgame\tetris\ui\GameScreen.kt:60:5: Function names should match the pattern: [a-z][a-zA-Z0-9]* [FunctionNaming]
F:\GitHub\alpha\software\compose-tetris\app\src\main\java\com\jetgame\tetris\ui\GameScreen.kt:116:5: Function names should match the pattern: [a-z][a-zA-Z0-9]* [FunctionNaming]
F:\GitHub\alpha\software\compose-tetris\app\src\main\java\com\jetgame\tetris\ui\GameScreen.kt:318:5: Function names should match the pattern: [a-z][a-zA-Z0-9]* [FunctionNaming]
F:\GitHub\alpha\software\compose-tetris\app\src\main\java\com\jetgame\tetris\ui\GameScreen.kt:361:5: Function names should match the pattern: [a-z][a-zA-Z0-9]* [FunctionNaming]
F:\GitHub\alpha\software\compose-tetris\app\src\main\java\com\jetgame\tetris\ui\LedNumber.kt:38:5: Function names should match the pattern: [a-z][a-zA-Z0-9]* [FunctionNaming]
F:\GitHub\alpha\software\compose-tetris\app\src\main\java\com\jetgame\tetris\ui\LedNumber.kt:93:5: Function names should match the pattern: [a-z][a-zA-Z0-9]* [FunctionNaming]
F:\GitHub\alpha\software\compose-tetris\app\src\main\java\com\jetgame\tetris\ui\LedNumber.kt:61:13: Variable names should match the pattern: [a-z][A-Za-z0-9]* [VariableNaming]
F:\GitHub\alpha\software\compose-tetris\app\src\main\java\com\jetgame\tetris\ui\theme\Theme.kt:31:5: Function names should match the pattern: [a-z][a-zA-Z0-9]* [FunctionNaming]
F:\GitHub\alpha\software\compose-tetris\app\src\main\java\com\jetgame\tetris\logic\GameViewModel.kt:180:10: Using the forEach method on ranges has a heavy performance cost. Prefer using simple for loops. [ForEachOnRange]
F:\GitHub\alpha\software\compose-tetris\app\src\main\java\com\jetgame\tetris\logic\GameViewModel.kt:191:10: Using the forEach method on ranges has a heavy performance cost. Prefer using simple for loops. [ForEachOnRange]
F:\GitHub\alpha\software\compose-tetris\app\src\main\java\com\jetgame\tetris\ui\GameScreen.kt:227:10: Using the forEach method on ranges has a heavy performance cost. Prefer using simple for loops. [ForEachOnRange]
F:\GitHub\alpha\software\compose-tetris\app\src\main\java\com\jetgame\tetris\ui\GameScreen.kt:226:6: Using the forEach method on ranges has a heavy performance cost. Prefer using simple for loops. [ForEachOnRange]
F:\GitHub\alpha\software\compose-tetris\app\src\main\java\com\jetgame\tetris\ui\LedNumber.kt:119:37: String.format("%0${digits}d", num) uses implicitly default locale for string formatting. [ImplicitDefaultLocale]
F:\GitHub\alpha\software\compose-tetris\app\src\main\java\com\jetgame\tetris\logic\Brick.kt:26:2: The file F:\GitHub\alpha\software\compose-tetris\app\src\main\java\com\jetgame\tetris\logic\Brick.kt is not ending with a new line. [NewLineAtEndOfFile]
F:\GitHub\alpha\software\compose-tetris\app\src\main\java\com\jetgame\tetris\logic\GameViewModel.kt:289:36: The file F:\GitHub\alpha\software\compose-tetris\app\src\main\java\com\jetgame\tetris\logic\GameViewModel.kt is not ending with a new line. [NewLineAtEndOfFile]
F:\GitHub\alpha\software\compose-tetris\app\src\main\java\com\jetgame\tetris\logic\GameViewModel.kt:143:44: This expression contains a magic number. Consider defining it to a well named constant. [MagicNumber]
F:\GitHub\alpha\software\compose-tetris\app\src\main\java\com\jetgame\tetris\logic\GameViewModel.kt:151:47: This expression contains a magic number. Consider defining it to a well named constant. [MagicNumber]
F:\GitHub\alpha\software\compose-tetris\app\src\main\java\com\jetgame\tetris\logic\GameViewModel.kt:189:19: This expression contains a magic number. Consider defining it to a well named constant. [MagicNumber]
F:\GitHub\alpha\software\compose-tetris\app\src\main\java\com\jetgame\tetris\logic\GameViewModel.kt:199:19: This expression contains a magic number. Consider defining it to a well named constant. [MagicNumber]
F:\GitHub\alpha\software\compose-tetris\app\src\main\java\com\jetgame\tetris\logic\GameViewModel.kt:253:25: This expression contains a magic number. Consider defining it to a well named constant. [MagicNumber]
F:\GitHub\alpha\software\compose-tetris\app\src\main\java\com\jetgame\tetris\logic\GameViewModel.kt:253:40: This expression contains a magic number. Consider defining it to a well named constant. [MagicNumber]
F:\GitHub\alpha\software\compose-tetris\app\src\main\java\com\jetgame\tetris\logic\Spirit.kt:68:2: The file F:\GitHub\alpha\software\compose-tetris\app\src\main\java\com\jetgame\tetris\logic\Spirit.kt is not ending with a new line. [NewLineAtEndOfFile]
F:\GitHub\alpha\software\compose-tetris\app\src\main\java\com\jetgame\tetris\logic\Utils.kt:106:95: The file F:\GitHub\alpha\software\compose-tetris\app\src\main\java\com\jetgame\tetris\logic\Utils.kt is not ending with a new line. [NewLineAtEndOfFile]
F:\GitHub\alpha\software\compose-tetris\app\src\main\java\com\jetgame\tetris\logic\Utils.kt:41:18: This expression contains a magic number. Consider defining it to a well named constant. [MagicNumber]
F:\GitHub\alpha\software\compose-tetris\app\src\main\java\com\jetgame\tetris\logic\Utils.kt:45:10: This expression contains a magic number. Consider defining it to a well named constant. [MagicNumber]
F:\GitHub\alpha\software\compose-tetris\app\src\main\java\com\jetgame\tetris\logic\Utils.kt:46:10: This expression contains a magic number. Consider defining it to a well named constant. [MagicNumber]
F:\GitHub\alpha\software\compose-tetris\app\src\main\java\com\jetgame\tetris\logic\Utils.kt:47:5: This expression contains a magic number. Consider defining it to a well named constant. [MagicNumber]
F:\GitHub\alpha\software\compose-tetris\app\src\main\java\com\jetgame\tetris\logic\Utils.kt:47:10: This expression contains a magic number. Consider defining it to a well named constant. [MagicNumber]
F:\GitHub\alpha\software\compose-tetris\app\src\main\java\com\jetgame\tetris\logic\Utils.kt:48:5: This expression contains a magic number. Consider defining it to a well named constant. [MagicNumber]
F:\GitHub\alpha\software\compose-tetris\app\src\main\java\com\jetgame\tetris\logic\Utils.kt:48:10: This expression contains a magic number. Consider defining it to a well named constant. [MagicNumber]
F:\GitHub\alpha\software\compose-tetris\app\src\main\java\com\jetgame\tetris\logic\Utils.kt:72:43: This expression contains a magic number. Consider defining it to a well named constant. [MagicNumber]
F:\GitHub\alpha\software\compose-tetris\app\src\main\java\com\jetgame\tetris\MainActivity.kt:110:2: The file F:\GitHub\alpha\software\compose-tetris\app\src\main\java\com\jetgame\tetris\MainActivity.kt is not ending with a new line. [NewLineAtEndOfFile]
F:\GitHub\alpha\software\compose-tetris\app\src\main\java\com\jetgame\tetris\MainActivity.kt:9:1: androidx.compose.runtime.* is a wildcard import. Replace it with fully qualified imports. [WildcardImport]
F:\GitHub\alpha\software\compose-tetris\app\src\main\java\com\jetgame\tetris\MainActivity.kt:13:1: androidx.lifecycle.* is a wildcard import. Replace it with fully qualified imports. [WildcardImport]
F:\GitHub\alpha\software\compose-tetris\app\src\main\java\com\jetgame\tetris\MainActivity.kt:15:1: com.jetgame.tetris.logic.* is a wildcard import. Replace it with fully qualified imports. [WildcardImport]
F:\GitHub\alpha\software\compose-tetris\app\src\main\java\com\jetgame\tetris\MainActivity.kt:40:35: This expression contains a magic number. Consider defining it to a well named constant. [MagicNumber]
F:\GitHub\alpha\software\compose-tetris\app\src\main\java\com\jetgame\tetris\MainActivity.kt:40:42: This expression contains a magic number. Consider defining it to a well named constant. [MagicNumber]
F:\GitHub\alpha\software\compose-tetris\app\src\main\java\com\jetgame\tetris\ui\AppIcon.kt:130:2: The file F:\GitHub\alpha\software\compose-tetris\app\src\main\java\com\jetgame\tetris\ui\AppIcon.kt is not ending with a new line. [NewLineAtEndOfFile]
F:\GitHub\alpha\software\compose-tetris\app\src\main\java\com\jetgame\tetris\ui\AppIcon.kt:87:29: This expression contains a magic number. Consider defining it to a well named constant. [MagicNumber]
F:\GitHub\alpha\software\compose-tetris\app\src\main\java\com\jetgame\tetris\ui\AppIcon.kt:112:29: This expression contains a magic number. Consider defining it to a well named constant. [MagicNumber]
F:\GitHub\alpha\software\compose-tetris\app\src\main\java\com\jetgame\tetris\ui\AppIcon.kt:128:13: Private function `PreviewAppIcon` is unused. [UnusedPrivateMember]
F:\GitHub\alpha\software\compose-tetris\app\src\main\java\com\jetgame\tetris\ui\GameBody.kt:313:30: The file F:\GitHub\alpha\software\compose-tetris\app\src\main\java\com\jetgame\tetris\ui\GameBody.kt is not ending with a new line. [NewLineAtEndOfFile]
F:\GitHub\alpha\software\compose-tetris\app\src\main\java\com\jetgame\tetris\ui\GameBody.kt:113:42: This expression contains a magic number. Consider defining it to a well named constant. [MagicNumber]
F:\GitHub\alpha\software\compose-tetris\app\src\main\java\com\jetgame\tetris\ui\GameBody.kt:172:42: This expression contains a magic number. Consider defining it to a well named constant. [MagicNumber]
F:\GitHub\alpha\software\compose-tetris\app\src\main\java\com\jetgame\tetris\ui\GameBody.kt:265:37: This expression contains a magic number. Consider defining it to a well named constant. [MagicNumber]
F:\GitHub\alpha\software\compose-tetris\app\src\main\java\com\jetgame\tetris\ui\GameBody.kt:282:37: This expression contains a magic number. Consider defining it to a well named constant. [MagicNumber]
F:\GitHub\alpha\software\compose-tetris\app\src\main\java\com\jetgame\tetris\ui\GameButton.kt:3:1: android.view.MotionEvent.* is a wildcard import. Replace it with fully qualified imports. [WildcardImport]
F:\GitHub\alpha\software\compose-tetris\app\src\main\java\com\jetgame\tetris\ui\GameButton.kt:80:85: This expression contains a magic number. Consider defining it to a well named constant. [MagicNumber]
F:\GitHub\alpha\software\compose-tetris\app\src\main\java\com\jetgame\tetris\ui\GameButton.kt:80:90: This expression contains a magic number. Consider defining it to a well named constant. [MagicNumber]
F:\GitHub\alpha\software\compose-tetris\app\src\main\java\com\jetgame\tetris\ui\GameScreen.kt:389:2: The file F:\GitHub\alpha\software\compose-tetris\app\src\main\java\com\jetgame\tetris\ui\GameScreen.kt is not ending with a new line. [NewLineAtEndOfFile]
F:\GitHub\alpha\software\compose-tetris\app\src\main\java\com\jetgame\tetris\ui\GameScreen.kt:127:43: This expression contains a magic number. Consider defining it to a well named constant. [MagicNumber]
F:\GitHub\alpha\software\compose-tetris\app\src\main\java\com\jetgame\tetris\ui\GameScreen.kt:133:25: This expression contains a magic number. Consider defining it to a well named constant. [MagicNumber]
F:\GitHub\alpha\software\compose-tetris\app\src\main\java\com\jetgame\tetris\ui\GameScreen.kt:136:55: This expression contains a magic number. Consider defining it to a well named constant. [MagicNumber]
F:\GitHub\alpha\software\compose-tetris\app\src\main\java\com\jetgame\tetris\ui\GameScreen.kt:141:54: This expression contains a magic number. Consider defining it to a well named constant. [MagicNumber]
F:\GitHub\alpha\software\compose-tetris\app\src\main\java\com\jetgame\tetris\ui\GameScreen.kt:212:42: This expression contains a magic number. Consider defining it to a well named constant. [MagicNumber]
F:\GitHub\alpha\software\compose-tetris\app\src\main\java\com\jetgame\tetris\ui\GameScreen.kt:219:28: This expression contains a magic number. Consider defining it to a well named constant. [MagicNumber]
F:\GitHub\alpha\software\compose-tetris\app\src\main\java\com\jetgame\tetris\ui\GameScreen.kt:221:31: This expression contains a magic number. Consider defining it to a well named constant. [MagicNumber]
F:\GitHub\alpha\software\compose-tetris\app\src\main\java\com\jetgame\tetris\ui\GameScreen.kt:239:42: This expression contains a magic number. Consider defining it to a well named constant. [MagicNumber]
F:\GitHub\alpha\software\compose-tetris\app\src\main\java\com\jetgame\tetris\ui\GameScreen.kt:294:33: This expression contains a magic number. Consider defining it to a well named constant. [MagicNumber]
F:\GitHub\alpha\software\compose-tetris\app\src\main\java\com\jetgame\tetris\ui\GameScreen.kt:301:36: This expression contains a magic number. Consider defining it to a well named constant. [MagicNumber]
F:\GitHub\alpha\software\compose-tetris\app\src\main\java\com\jetgame\tetris\ui\GameScreen.kt:304:33: This expression contains a magic number. Consider defining it to a well named constant. [MagicNumber]
F:\GitHub\alpha\software\compose-tetris\app\src\main\java\com\jetgame\tetris\ui\GameScreen.kt:339:30: This expression contains a magic number. Consider defining it to a well named constant. [MagicNumber]
F:\GitHub\alpha\software\compose-tetris\app\src\main\java\com\jetgame\tetris\ui\GameScreen.kt:340:31: This expression contains a magic number. Consider defining it to a well named constant. [MagicNumber]
F:\GitHub\alpha\software\compose-tetris\app\src\main\java\com\jetgame\tetris\ui\GameScreen.kt:343:47: This expression contains a magic number. Consider defining it to a well named constant. [MagicNumber]
F:\GitHub\alpha\software\compose-tetris\app\src\main\java\com\jetgame\tetris\ui\GameScreen.kt:343:53: This expression contains a magic number. Consider defining it to a well named constant. [MagicNumber]
F:\GitHub\alpha\software\compose-tetris\app\src\main\java\com\jetgame\tetris\ui\GameScreen.kt:344:53: This expression contains a magic number. Consider defining it to a well named constant. [MagicNumber]
F:\GitHub\alpha\software\compose-tetris\app\src\main\java\com\jetgame\tetris\ui\GameScreen.kt:344:59: This expression contains a magic number. Consider defining it to a well named constant. [MagicNumber]
F:\GitHub\alpha\software\compose-tetris\app\src\main\java\com\jetgame\tetris\ui\GameScreen.kt:347:31: This expression contains a magic number. Consider defining it to a well named constant. [MagicNumber]
F:\GitHub\alpha\software\compose-tetris\app\src\main\java\com\jetgame\tetris\ui\GameScreen.kt:367:27: This expression contains a magic number. Consider defining it to a well named constant. [MagicNumber]
F:\GitHub\alpha\software\compose-tetris\app\src\main\java\com\jetgame\tetris\ui\LedNumber.kt:135:2: The file F:\GitHub\alpha\software\compose-tetris\app\src\main\java\com\jetgame\tetris\ui\LedNumber.kt is not ending with a new line. [NewLineAtEndOfFile]
F:\GitHub\alpha\software\compose-tetris\app\src\main\java\com\jetgame\tetris\ui\theme\Color.kt:17:34: The file F:\GitHub\alpha\software\compose-tetris\app\src\main\java\com\jetgame\tetris\ui\theme\Color.kt is not ending with a new line. [NewLineAtEndOfFile]
F:\GitHub\alpha\software\compose-tetris\app\src\main\java\com\jetgame\tetris\ui\theme\Color.kt:5:23: This expression contains a magic number. Consider defining it to a well named constant. [MagicNumber]
F:\GitHub\alpha\software\compose-tetris\app\src\main\java\com\jetgame\tetris\ui\theme\Color.kt:6:23: This expression contains a magic number. Consider defining it to a well named constant. [MagicNumber]
F:\GitHub\alpha\software\compose-tetris\app\src\main\java\com\jetgame\tetris\ui\theme\Color.kt:7:23: This expression contains a magic number. Consider defining it to a well named constant. [MagicNumber]
F:\GitHub\alpha\software\compose-tetris\app\src\main\java\com\jetgame\tetris\ui\theme\Color.kt:8:21: This expression contains a magic number. Consider defining it to a well named constant. [MagicNumber]
F:\GitHub\alpha\software\compose-tetris\app\src\main\java\com\jetgame\tetris\ui\theme\Color.kt:11:25: This expression contains a magic number. Consider defining it to a well named constant. [MagicNumber]
F:\GitHub\alpha\software\compose-tetris\app\src\main\java\com\jetgame\tetris\ui\theme\Color.kt:12:25: This expression contains a magic number. Consider defining it to a well named constant. [MagicNumber]
F:\GitHub\alpha\software\compose-tetris\app\src\main\java\com\jetgame\tetris\ui\theme\Color.kt:13:28: This expression contains a magic number. Consider defining it to a well named constant. [MagicNumber]
F:\GitHub\alpha\software\compose-tetris\app\src\main\java\com\jetgame\tetris\ui\theme\Color.kt:14:30: This expression contains a magic number. Consider defining it to a well named constant. [MagicNumber]
F:\GitHub\alpha\software\compose-tetris\app\src\main\java\com\jetgame\tetris\ui\theme\Color.kt:17:23: This expression contains a magic number. Consider defining it to a well named constant. [MagicNumber]
F:\GitHub\alpha\software\compose-tetris\app\src\main\java\com\jetgame\tetris\ui\theme\Shape.kt:11:2: The file F:\GitHub\alpha\software\compose-tetris\app\src\main\java\com\jetgame\tetris\ui\theme\Shape.kt is not ending with a new line. [NewLineAtEndOfFile]
F:\GitHub\alpha\software\compose-tetris\app\src\main\java\com\jetgame\tetris\ui\theme\Theme.kt:47:2: The file F:\GitHub\alpha\software\compose-tetris\app\src\main\java\com\jetgame\tetris\ui\theme\Theme.kt is not ending with a new line. [NewLineAtEndOfFile]
F:\GitHub\alpha\software\compose-tetris\app\src\main\java\com\jetgame\tetris\ui\theme\Type.kt:28:2: The file F:\GitHub\alpha\software\compose-tetris\app\src\main\java\com\jetgame\tetris\ui\theme\Type.kt is not ending with a new line. [NewLineAtEndOfFile]

Analysis failed with 101 weighted issues.
